
> react-typescript-starter@0.1.0 test
> react-scripts test --coverage

Browserslist: caniuse-lite is outdated. Please run:
  npx browserslist@latest --update-db
  Why you should do it regularly: https://github.com/browserslist/browserslist#browsers-data-updating
PASS src/Testing/MediaRating.test.tsx
PASS src/Testing/FilterButton.test.tsx
PASS src/Testing/SearchBar.test.tsx
PASS src/Testing/RenderMedia.test.tsx
--------------------------------|---------|----------|---------|---------|-------------------
File                            | % Stmts | % Branch | % Funcs | % Lines | Uncovered Line #s 
--------------------------------|---------|----------|---------|---------|-------------------
All files                       |   17.23 |    16.84 |   15.74 |   17.68 |                   
 src                            |       0 |        0 |       0 |       0 |                   
  App.tsx                       |       0 |        0 |       0 |       0 | 20-44             
  Interfaces.tsx                |       0 |        0 |       0 |       0 |                   
  MediaData.tsx                 |       0 |        0 |       0 |       0 | 6-962             
  UserData.tsx                  |       0 |        0 |       0 |       0 | 5-120             
 src/Components                 |   21.62 |       50 |   26.08 |   21.62 |                   
  MediaRating.tsx               |   28.57 |       50 |      40 |   28.57 | 14-26             
  RemoveMedia.tsx               |       0 |      100 |       0 |       0 | 15-87             
  RenderMedia.tsx               |      75 |       50 |   66.66 |      75 | 9,18              
  ReviewMedia.tsx               |       0 |      100 |       0 |       0 | 5-12              
 src/Components/AddMediaForm    |       0 |        0 |       0 |       0 |                   
  AddMediaForm.tsx              |       0 |        0 |       0 |       0 | 40-147            
  AddUserForm.tsx               |       0 |      100 |       0 |       0 | 10-29             
  EditMediaForm.tsx             |       0 |        0 |       0 |       0 | 20-196            
  FormSchema.tsx                |       0 |      100 |     100 |       0 | 4-5               
  UserFormSchema.tsx            |       0 |      100 |     100 |       0 | 3-4               
 src/Components/HeroSeciton     |       0 |      100 |       0 |       0 |                   
  ActiveUsers.tsx               |       0 |      100 |       0 |       0 | 4-5               
  HeroSection.tsx               |       0 |      100 |       0 |       0 | 6-7               
 src/Components/SearchAndFilter |     100 |      100 |     100 |     100 |                   
  FilterButton.tsx              |     100 |      100 |     100 |     100 |                   
  SearchBar.tsx                 |     100 |      100 |     100 |     100 |                   
 src/Components/Settings        |       0 |        0 |       0 |       0 |                   
  Settings.tsx                  |       0 |        0 |       0 |       0 | 16-33             
 src/Components/Slider          |       0 |      100 |       0 |       0 |                   
  Slider.tsx                    |       0 |      100 |       0 |       0 | 9-10              
 src/Layout                     |       0 |        0 |       0 |       0 |                   
  MainHeader.tsx                |       0 |      100 |       0 |       0 | 13-17             
  MainNavigation.tsx            |       0 |        0 |       0 |       0 | 16-20             
 src/Pages                      |       0 |        0 |       0 |       0 |                   
  AddMediaPage.tsx              |       0 |        0 |       0 |       0 | 12-19             
  AddUser.tsx                   |       0 |        0 |       0 |       0 | 10-17             
  BrowseMedia.tsx               |       0 |        0 |       0 |       0 | 25-122            
  EditMedia.tsx                 |       0 |        0 |       0 |       0 | 13-82             
  EditorInterface.tsx           |       0 |        0 |       0 |       0 | 14-21             
  Favorites.tsx                 |       0 |      100 |       0 |       0 | 7-8               
  HomePage.tsx                  |       0 |      100 |       0 |       0 | 4-5               
  LearnMorePage.tsx             |       0 |      100 |       0 |       0 | 4-5               
  NotFound.tsx                  |       0 |      100 |       0 |       0 | 5-16              
 src/UI                         |      70 |     62.5 |   66.66 |   68.96 |                   
  BasicDropdown.tsx             |    91.3 |     62.5 |   88.88 |    90.9 | 35-36             
  Modal.tsx                     |       0 |      100 |       0 |       0 | 20-39             
--------------------------------|---------|----------|---------|---------|-------------------

Test Suites: 4 passed, 4 total
Tests:       29 passed, 29 total
Snapshots:   0 total
Time:        7.223 s
Ran all test suites.
